<?xml version="1.0" encoding="UTF-8" ?>
<testsuites name="vitest tests" tests="6" failures="2" errors="0" time="0.0199248">
    <testsuite name="src/services/deltaMasterBot.integration.test.ts" timestamp="2026-04-07T10:17:41.994Z" hostname="-Spider-" tests="6" failures="2" errors="0" skipped="0" time="0.0199248">
        <testcase classname="src/services/deltaMasterBot.integration.test.ts" name="DeltaMasterBot (Phase 13 DHE Integration) &gt; should route initial deployment through DHE Authority" time="0.0044969">
        </testcase>
        <testcase classname="src/services/deltaMasterBot.integration.test.ts" name="DeltaMasterBot (Phase 13 DHE Integration) &gt; should trigger EMERGENCY_EXIT on Max Drawdown via DHE Supreme Authority" time="0.0025305">
        </testcase>
        <testcase classname="src/services/deltaMasterBot.integration.test.ts" name="DeltaMasterBot (Phase 13 DHE Integration) &gt; should defer hedge engagement when AI Consensus conflicts (Consensus Gate)" time="0.0074199">
            <failure message="expected &apos;PRIMARY_ACTIVE&apos; to be &apos;HEDGE_PENDING&apos; // Object.is equality" type="AssertionError">
AssertionError: expected &apos;PRIMARY_ACTIVE&apos; to be &apos;HEDGE_PENDING&apos; // Object.is equality

Expected: &quot;HEDGE_PENDING&quot;
Received: &quot;PRIMARY_ACTIVE&quot;

 Γ¥» src/services/deltaMasterBot.integration.test.ts:194:38
            </failure>
        </testcase>
        <testcase classname="src/services/deltaMasterBot.integration.test.ts" name="DeltaMasterBot (Phase 13 DHE Integration) &gt; should FORCE hedge via CRM when risk utilization reaches 80%" time="0.0018548">
        </testcase>
        <testcase classname="src/services/deltaMasterBot.integration.test.ts" name="DeltaMasterBot (Phase 13 DHE Integration) &gt; should PRIORITIZE hedge via CRM when price is &gt;60% towards SL" time="0.0013743">
        </testcase>
        <testcase classname="src/services/deltaMasterBot.integration.test.ts" name="DeltaMasterBot (Phase 13 DHE Integration) &gt; should DELAY hedge via CRM in low volatility regimes" time="0.0013879">
            <failure message="expected &apos;PRIMARY_ACTIVE&apos; to be &apos;HEDGE_PENDING&apos; // Object.is equality" type="AssertionError">
AssertionError: expected &apos;PRIMARY_ACTIVE&apos; to be &apos;HEDGE_PENDING&apos; // Object.is equality

Expected: &quot;HEDGE_PENDING&quot;
Received: &quot;PRIMARY_ACTIVE&quot;

 Γ¥» src/services/deltaMasterBot.integration.test.ts:315:38
            </failure>
        </testcase>
    </testsuite>
</testsuites>
